################################################################################
#                                                                              #
#      IAR Universal Linker V5.7.0.39                                          #
#                                                                              #
#           Link time     =  20/Nov/2014  13:21:54                             #
#           Target CPU    =  x51                                               #
#           List file     =  D:\GitHub\SMAC_IAR\Sensor_Side\pc_side\List\test. #
#                            map                                               #
#           Output file 1 =  D:\GitHub\SMAC_IAR\Sensor_Side\pc_side\Exe\test.h #
#                            ex                                                #
#                            Format: simple-code                               #
#           Output file 2 =  D:\GitHub\SMAC_IAR\Sensor_Side\pc_side\Exe\test.d #
#                            51                                                #
#                            Format: debug                                     #
#                            UBROF version 10.0.6                              #
#                            Using library modules for C-SPY (-rt)             #
#           Command line  =  "-ID:\IAR Systems\8051\CONFIG\"                   #
#                            -D_NR_OF_BANKS=0x07 -D_CODEBANK_END=0xFFFF        #
#                            -D_CODEBANK_START=0x8000 -D?CBANK_MASK=0xFF       #
#                            -D?CBANK=0x9F                                     #
#                            D:\GitHub\SMAC_IAR\Sensor_Side\pc_side\Obj\adc.r5 #
#                            1                                                 #
#                            D:\GitHub\SMAC_IAR\Sensor_Side\pc_side\Obj\ads832 #
#                            0.r51                                             #
#                            D:\GitHub\SMAC_IAR\Sensor_Side\pc_side\Obj\basic_ #
#                            rf.r51                                            #
#                            D:\GitHub\SMAC_IAR\Sensor_Side\pc_side\Obj\clock. #
#                            r51                                               #
#                            D:\GitHub\SMAC_IAR\Sensor_Side\pc_side\Obj\hal_as #
#                            sert.r51                                          #
#                            D:\GitHub\SMAC_IAR\Sensor_Side\pc_side\Obj\hal_bu #
#                            tton.r51                                          #
#                            D:\GitHub\SMAC_IAR\Sensor_Side\pc_side\Obj\hal_in #
#                            t.r51                                             #
#                            D:\GitHub\SMAC_IAR\Sensor_Side\pc_side\Obj\hal_mc #
#                            u.r51                                             #
#                            D:\GitHub\SMAC_IAR\Sensor_Side\pc_side\Obj\hal_rf #
#                            .r51                                              #
#                            D:\GitHub\SMAC_IAR\Sensor_Side\pc_side\Obj\lis331 #
#                            dlh.r51                                           #
#                            D:\GitHub\SMAC_IAR\Sensor_Side\pc_side\Obj\main_p #
#                            c.r51                                             #
#                            D:\GitHub\SMAC_IAR\Sensor_Side\pc_side\Obj\pwr_mo #
#                            de_manager.r51                                    #
#                            D:\GitHub\SMAC_IAR\Sensor_Side\pc_side\Obj\rf_pac #
#                            k.r51                                             #
#                            D:\GitHub\SMAC_IAR\Sensor_Side\pc_side\Obj\spi_ma #
#                            nager.r51                                         #
#                            D:\GitHub\SMAC_IAR\Sensor_Side\pc_side\Obj\timer1 #
#                            .r51                                              #
#                            D:\GitHub\SMAC_IAR\Sensor_Side\pc_side\Obj\uart_m #
#                            anager.r51                                        #
#                            D:\GitHub\SMAC_IAR\Sensor_Side\pc_side\Obj\util.r #
#                            51                                                #
#                            D:\GitHub\SMAC_IAR\Sensor_Side\pc_side\Obj\util_l #
#                            cd.r51                                            #
#                            -o                                                #
#                            D:\GitHub\SMAC_IAR\Sensor_Side\pc_side\Exe\test.d #
#                            51                                                #
#                            -l                                                #
#                            D:\GitHub\SMAC_IAR\Sensor_Side\pc_side\List\test. #
#                            map                                               #
#                            -xmsn "-ID:\IAR Systems\8051\LIB\" -f             #
#                            "D:\IAR Systems\8051\config\devices\Texas Instrum #
#                            ents\lnk51ew_CC2530F256_banked.xcl"               #
#                            (-D_IDATA0_START=0x00 -D_IDATA0_END=0xFF          #
#                            -D_PDATA0_START=0x1E00 -D_PDATA0_END=0x1EFF       #
#                            -D_IXDATA0_START=0x0001 -D_IXDATA0_END=0x1EFF     #
#                            -D_XDATA0_START=_IXDATA0_START                    #
#                            -D_XDATA0_END=_IXDATA0_END                        #
#                            -D_NEAR_CODE_START=0x0000                         #
#                            -D_FIRST_BANK_ADDR=0x10000 -D?REGISTER_BANK=0x0   #
#                            -D_REGISTER_BANK_START=0x0 -D_BREG_START=0x00     #
#                            -D?VB=0x20 -Z(BIT)BREG=_BREG_START                #
#                            -Z(BIT)BIT_N=0-7F                                 #
#                            -Z(DATA)REGISTERS+8=_REGISTER_BANK_START          #
#                            -Z(DATA)BDATA_Z,BDATA_N,BDATA_I=20-2F             #
#                            -Z(DATA)VREG+_NR_OF_VIRTUAL_REGISTERS=08-7F       #
#                            -Z(DATA)PSP,XSP=08-7F -Z(DATA)DOVERLAY=08-7F      #
#                            -Z(DATA)DATA_I,DATA_Z,DATA_N=08-7F                #
#                            -U(IDATA)0-7F=(DATA)0-7F                          #
#                            -Z(IDATA)IDATA_I,IDATA_Z,IDATA_N=08-_IDATA0_END   #
#                            -Z(IDATA)ISTACK+_IDATA_STACK_SIZE#08-_IDATA0_END  #
#                            -Z(IDATA)IOVERLAY=08-FF -Z(CODE)INTVEC=0          #
#                            -Z(CODE)CSTART=_NEAR_CODE_START-(_CODEBANK_START- #
#                            1)                                                #
#                            -Z(CODE)BIT_ID,BDATA_ID,DATA_ID,IDATA_ID,IXDATA_I #
#                            D,PDATA_ID,XDATA_ID=_NEAR_CODE_START-(_CODEBANK_S #
#                            TART-1)                                           #
#                            -Z(CODE)BANK_RELAYS,RCODE,DIFUNCT,CODE_C,CODE_N,N #
#                            EAR_CODE=_NEAR_CODE_START-(_CODEBANK_START-1)     #
#                            -P(CODE)BANKED_CODE=_NEAR_CODE_START-(_CODEBANK_S #
#                            TART-1),[(_CODEBANK_START+_FIRST_BANK_ADDR)-(_COD #
#                            EBANK_END+_FIRST_BANK_ADDR)]*_NR_OF_BANKS+10000   #
#                            -Z(CODE)CHECKSUM#(_CODEBANK_START-1)              #
#                            -Z(XDATA)PDATA_Z,PDATA_I=_PDATA0_START-_PDATA0_EN #
#                            D                                                 #
#                            -P(XDATA)PDATA_N=_PDATA0_START-_PDATA0_END        #
#                            -Z(XDATA)PSTACK+_PDATA_STACK_SIZE=_PDATA0_START-_ #
#                            PDATA0_END                                        #
#                            -Z(XDATA)EXT_STACK+_EXTENDED_STACK_SIZE=_EXTENDED #
#                            _STACK_START                                      #
#                            -Z(XDATA)XSTACK+_XDATA_STACK_SIZE=_XDATA0_START-_ #
#                            XDATA0_END                                        #
#                            -Z(XDATA)IXDATA_Z,IXDATA_I=_IXDATA0_START-_IXDATA #
#                            0_END                                             #
#                            -P(XDATA)IXDATA_N=_IXDATA0_START-_IXDATA0_END     #
#                            -Z(XDATA)XDATA_Z,XDATA_I=_XDATA0_START-_XDATA0_EN #
#                            D                                                 #
#                            -P(XDATA)XDATA_N=_XDATA0_START-_XDATA0_END        #
#                            -Z(XDATA)XDATA_HEAP+_XDATA_HEAP_SIZE=_XDATA0_STAR #
#                            T-_XDATA0_END                                     #
#                            -Z(CONST)XDATA_ROM_C=_XDATA0_START-_XDATA0_END    #
#                            -cx51                                             #
#                            -M(CODE)[(_CODEBANK_START+_FIRST_BANK_ADDR)-(_COD #
#                            EBANK_END+_FIRST_BANK_ADDR)]*_NR_OF_BANKS+0x10000 #
#                            =0x8000                                           #
#                            -ww69=i -D_BANK0_START=0x00000                    #
#                            -D_BANK0_END=0x07FFF -D_BANK1_START=0x18000       #
#                            -D_BANK1_END=0x1FFFF -D_BANK2_START=0x28000       #
#                            -D_BANK2_END=0x2FFFF -D_BANK3_START=0x38000       #
#                            -D_BANK3_END=0x3FFFF -D_BANK4_START=0x48000       #
#                            -D_BANK4_END=0x4FFFF -D_BANK5_START=0x58000       #
#                            -D_BANK5_END=0x5FFFF -D_BANK6_START=0x68000       #
#                            -D_BANK6_END=0x6FFFF -D_BANK7_START=0x78000       #
#                            -D_BANK7_END=0x7FFFF                              #
#                            -P(CODE)BANK0=_BANK0_START-_BANK0_END             #
#                            -P(CODE)BANK1=_BANK1_START-_BANK1_END             #
#                            -P(CODE)BANK2=_BANK2_START-_BANK2_END             #
#                            -P(CODE)BANK3=_BANK3_START-_BANK3_END             #
#                            -P(CODE)BANK4=_BANK4_START-_BANK4_END             #
#                            -P(CODE)BANK5=_BANK5_START-_BANK5_END             #
#                            -P(CODE)BANK6=_BANK6_START-_BANK6_END             #
#                            -P(CODE)BANK7=_BANK7_START-_BANK7_END             #
#                            -D_FLASH_LOCK_BITS_START=0x7FFF0                  #
#                            -D_FLASH_LOCK_BITS_END=0x7FFFF                    #
#                            -Z(CODE)FLASH_LOCK_BITS=_FLASH_LOCK_BITS_START-_F #
#                            LASH_LOCK_BITS_END                                #
#                            -U(CODE)0x0000=(CODE)_FLASH_LOCK_BITS_START-_FLAS #
#                            H_LOCK_BITS_END)                                  #
#                            -D_NR_OF_VIRTUAL_REGISTERS=8 -D?PBANK=0x93        #
#                            -e?BCALL_FF=?BCALL -e?BRET_FF=?BRET               #
#                            -e?BDISPATCH_FF=?BDISPATCH                        #
#                            -e_large_write=_formatted_write                   #
#                            -e_medium_read=_formatted_read -rt                #
#                            -Osimple-code=D:\GitHub\SMAC_IAR\Sensor_Side\pc_s #
#                            ide\Exe\test.hex                                  #
#                            -s __program_start                                #
#                            "D:\IAR Systems\8051\LIB\CLIB\cl-pli-blxd-1e16x01 #
#                            .r51"                                             #
#                            -D_IDATA_STACK_SIZE=0x40 -D?ESP=0 -D?ESP_MASK=0   #
#                            -D_EXTENDED_STACK_START=0                         #
#                            -D_EXTENDED_STACK_SIZE=0                          #
#                            -D_PDATA_STACK_SIZE=0x80                          #
#                            -D_XDATA_STACK_SIZE=0x100                         #
#                            -D_XDATA_HEAP_SIZE=0xFF -D_FAR_HEAP_SIZE=0xFFF    #
#                            -D_HUGE_HEAP_SIZE=0xFFF                           #
#                            -D_FAR22_HEAP_SIZE=0xFFF                          #
#                                                                              #
#                           Copyright (C) 1987-2013 IAR Systems AB.            #
################################################################################





                ****************************************
                *                                      *
                *           CROSS REFERENCE            *
                *                                      *
                ****************************************

       Program entry at : CODE      000000D7  Relocatable, from module : CSTARTUP




                ****************************************
                *                                      *
                *            RUNTIME MODEL             *
                *                                      *
                ****************************************

  __SystemLibrary          = CLib
  __calling_convention     = xdata_reentrant
  __code_model             = banked
  __core                   = plain
  __data_model             = large
  __dptr_size              = 16
  __extended_stack         = disabled
  __location_for_constants = data
  __number_of_dptrs        = 1
  __rt_version             = 1

                ****************************************
                *                                      *
                *    AUTOMATIC SYMBOL REDIRECTIONS     *
                *                                      *
                ****************************************

                  There are no automatic symbol redirections.



                ****************************************
                *                                      *
                *              MODULE MAP              *
                *                                      *
                ****************************************


  DEFINED ABSOLUTE ENTRIES
    *************************************************************************

  DEFINED ABSOLUTE ENTRIES
  PROGRAM MODULE, NAME : ?ABS_ENTRY_MOD

Absolute parts
           ENTRY                   ADDRESS         REF BY
           =====                   =======         ======
           _FAR22_HEAP_SIZE        00000FFF 
           _HUGE_HEAP_SIZE         00000FFF 
           _FAR_HEAP_SIZE          00000FFF 
           _XDATA_HEAP_SIZE        000000FF 
           _XDATA_STACK_SIZE       00000100 
           _PDATA_STACK_SIZE       00000080 
           _EXTENDED_STACK_SIZE    00000000 
           _EXTENDED_STACK_START   00000000 
           ?ESP_MASK               00000000 
           ?ESP                    00000000 
           _IDATA_STACK_SIZE       00000040 
           ?PBANK                  00000093 
           _NR_OF_VIRTUAL_REGISTERS
                                   00000008 
           _FLASH_LOCK_BITS_END    0003FFFF 
           _FLASH_LOCK_BITS_START
                                   0003FFF0 
           _BANK7_END              0003FFFF 
           _BANK7_START            00038000 
           _BANK6_END              00037FFF 
           _BANK6_START            00030000 
           _BANK5_END              0002FFFF 
           _BANK5_START            00028000 
           _BANK4_END              00027FFF 
           _BANK4_START            00020000 
           _BANK3_END              0001FFFF 
           _BANK3_START            00018000 
           _BANK2_END              00017FFF 
           _BANK2_START            00010000 
           _BANK1_END              0000FFFF 
           _BANK1_START            00008000 
           _BANK0_END              00007FFF 
           _BANK0_START            00000000 
           ?VB                     00000020        ?BANKED_ENTER_XDATA (?BANKED_ENTER_XDATA)
                                                   ?BANKED_LEAVE_XDATA (?BANKED_LEAVE_XDATA)
                                                   ?INTERRUPT_ENTER_XSP (?INTERRUPT_ENTER_XSP)
                                                   ?INTERRUPT_LEAVE_XSP (?INTERRUPT_LEAVE_XSP)
           _BREG_START             00000000 
           _REGISTER_BANK_START    00000000 
           ?REGISTER_BANK          00000000        Segment part 6 (CSTARTUP)
           _FIRST_BANK_ADDR        00010000 
           _NEAR_CODE_START        00000000 
           _XDATA0_END             00001EFF 
           _XDATA0_START           00000001 
           _IXDATA0_END            00001EFF 
           _IXDATA0_START          00000001 
           _PDATA0_END             00001EFF 
           _PDATA0_START           00001E00 
           _IDATA0_END             000000FF 
           _IDATA0_START           00000000 
           ?CBANK                  0000009F        ?RESET_CODE_BANK (CSTARTUP)
                                                   Segment part 0 (?BANKED_CODE_SUPPORT)
           ?CBANK_MASK             000000FF 
           _CODEBANK_START         00008000 
           _CODEBANK_END           0000FFFF 
           _NR_OF_BANKS            00000007 
    *************************************************************************

  FILE NAME : D:\GitHub\SMAC_IAR\Sensor_Side\pc_side\Obj\adc.r51
  PROGRAM MODULE, NAME : adc

  SEGMENTS IN THE MODULE
  ======================
SFR_AN
  Relative segment, address: DATA 00000088 - 00000088 (0x1 bytes), align: 0
  Segment part 1. ROOT.       Intra module refs:   UART0_RX_ISR (uart_manager)
                                                   uart0_Init (uart_manager)
           ENTRY                   ADDRESS         REF BY
           =====                   =======         ======
           _A_TCON                 00000088 
           LOCAL                   ADDRESS         
           =====                   =======         
           TCON                    00000088 
    -------------------------------------------------------------------------
SFR_AN
  Relative segment, address: DATA 000000B6 - 000000B6 (0x1 bytes), align: 0
  Segment part 2. ROOT.
           ENTRY                   ADDRESS         REF BY
           =====                   =======         ======
           ADCCON3                 000000B6 
    -------------------------------------------------------------------------
SFR_AN
  Relative segment, address: DATA 000000BA - 000000BA (0x1 bytes), align: 0
  Segment part 3. ROOT.
           ENTRY                   ADDRESS         REF BY
           =====                   =======         ======
           ADCL                    000000BA 
    -------------------------------------------------------------------------
SFR_AN
  Relative segment, address: DATA 000000BB - 000000BB (0x1 bytes), align: 0
  Segment part 4. ROOT.
           ENTRY                   ADDRESS         REF BY
           =====                   =======         ======
           ADCH                    000000BB 

    *************************************************************************

  FILE NAME : D:\GitHub\SMAC_IAR\Sensor_Side\pc_side\Obj\ads8320.r51
  PROGRAM MODULE, NAME : ads8320

  SEGMENTS IN THE MODULE
  ======================
SFR_AN
  Relative segment, address: DATA 000000F8 - 000000F8 (0x1 bytes), align: 0
  Segment part 1. ROOT.
           ENTRY                   ADDRESS         REF BY
           =====                   =======         ======
           _A_U1CSR                000000F8 
           LOCAL                   ADDRESS         
           =====                   =======         
           U1CSR                   000000F8 
    -------------------------------------------------------------------------
SFR_AN
  Relative segment, address: DATA 000000F9 - 000000F9 (0x1 bytes), align: 0
  Segment part 2. ROOT.
           ENTRY                   ADDRESS         REF BY
           =====                   =======         ======
           U1DBUF                  000000F9 

    *************************************************************************

  FILE NAME : D:\GitHub\SMAC_IAR\Sensor_Side\pc_side\Obj\basic_rf.r51
  PROGRAM MODULE, NAME : basic_rf

  SEGMENTS IN THE MODULE
  ======================
XDATA_I
  Relative segment, address: XDATA 000003A2 - 000003AD (0xc bytes), align: 0
  Segment part 6.             Intra module refs:   basicRfInit
                                                   basicRfPacketIsReady
                                                   basicRfReceive
                                                   basicRfRxFrmDoneIsr
           LOCAL                   ADDRESS         
           =====                   =======         
           rxi                     000003A2 
    -------------------------------------------------------------------------
XDATA_Z
  Relative segment, address: XDATA 00000101 - 00000107 (0x7 bytes), align: 0
  Segment part 8.             Intra module refs:   basicRfBuildHeader
                                                   basicRfInit
                                                   basicRfReceiveOn
                                                   basicRfRxFrmDoneIsr
                                                   basicRfSendPacket
           LOCAL                   ADDRESS         
           =====                   =======         
           txState                 00000101 
    -------------------------------------------------------------------------
XDATA_Z
  Relative segment, address: XDATA 00000108 - 00000109 (0x2 bytes), align: 0
  Segment part 9.             Intra module refs:   basicRfBuildHeader
                                                   basicRfInit
                                                   basicRfSendPacket
           LOCAL                   ADDRESS         
           =====                   =======         
           pConfig                 00000108 
    -------------------------------------------------------------------------
XDATA_Z
  Relative segment, address: XDATA 0000010A - 0000017C (0x73 bytes), align: 0
  Segment part 10.            Intra module refs:   basicRfBuildMpdu
                                                   basicRfSendPacket
           LOCAL                   ADDRESS         
           =====                   =======         
           txMpdu                  0000010A 
    -------------------------------------------------------------------------
XDATA_Z
  Relative segment, address: XDATA 0000017D - 000001FC (0x80 bytes), align: 0
  Segment part 11.            Intra module refs:   basicRfRxFrmDoneIsr
           LOCAL                   ADDRESS         
           =====                   =======         
           rxMpdu                  0000017D 
    -------------------------------------------------------------------------
<BANKED_CODE> 1 (was BANKED_CODE)
  Relative segment, address: CODE 00000CAE - 00000D78 (0xcb bytes), align: 0
  Segment part 12.            Intra module refs:   basicRfBuildHeader::?relay
           LOCAL                   ADDRESS         
           =====                   =======         
           basicRfBuildHeader      00000CAE 
               XSTACK = 00000012 ( 0000000C )
               ISTACK = 00000000 ( 00000001 )
    -------------------------------------------------------------------------
<BANKED_CODE> 1 (was BANKED_CODE)
  Relative segment, address: CODE 00000D79 - 00000DF4 (0x7c bytes), align: 0
  Segment part 14.            Intra module refs:   basicRfBuildMpdu::?relay
           LOCAL                   ADDRESS         
           =====                   =======         
           basicRfBuildMpdu        00000D79 
               calls direct
               XSTACK = 0000000E ( 00000012 )
               ISTACK = 00000000 ( 00000001 )
    -------------------------------------------------------------------------
<BANKED_CODE> 1 (was BANKED_CODE)
  Relative segment, address: CODE 00000DF5 - 00000F2D (0x139 bytes), align: 0
  Segment part 16.            Intra module refs:   basicRfRxFrmDoneIsr::?relay
           LOCAL                   ADDRESS         
           =====                   =======         
           basicRfRxFrmDoneIsr     00000DF5 
               calls direct, is indirectly called
               XSTACK = 00000000 ( 0000000A )
    -------------------------------------------------------------------------
<BANKED_CODE> 1 (was BANKED_CODE)
  Relative segment, address: CODE 00000F2E - 00000FC0 (0x93 bytes), align: 0
  Segment part 18.            Intra module refs:   basicRfInit::?relay
           ENTRY                   ADDRESS         REF BY
           =====                   =======         ======
           basicRfInit             00000F2E 
               calls direct
               XSTACK = 00000000 ( 00000009 )
    -------------------------------------------------------------------------
<BANKED_CODE> 1 (was BANKED_CODE)
  Relative segment, address: CODE 00000FC1 - 00001056 (0x96 bytes), align: 0
  Segment part 20.            Intra module refs:   basicRfSendPacket::?relay
           ENTRY                   ADDRESS         REF BY
           =====                   =======         ======
           basicRfSendPacket       00000FC1 
               calls direct
               XSTACK = 00000000 ( 0000000E )
    -------------------------------------------------------------------------
<BANKED_CODE> 1 (was BANKED_CODE)
  Relative segment, address: CODE 00001057 - 00001066 (0x10 bytes), align: 0
  Segment part 22.            Intra module refs:   basicRfPacketIsReady::?relay
           ENTRY                   ADDRESS         REF BY
           =====                   =======         ======
           basicRfPacketIsReady    00001057 
               ISTACK = 00000000 ( 00000002 )
    -------------------------------------------------------------------------
<BANKED_CODE> 1 (was BANKED_CODE)
  Relative segment, address: CODE 00001067 - 000010E1 (0x7b bytes), align: 0
  Segment part 24.            Intra module refs:   basicRfReceive::?relay
           ENTRY                   ADDRESS         REF BY
           =====                   =======         ======
           basicRfReceive          00001067 
               calls direct
               XSTACK = 00000000 ( 00000010 )
    -------------------------------------------------------------------------
<BANKED_CODE> 1 (was BANKED_CODE)
  Relative segment, address: CODE 000010E2 - 000010F5 (0x14 bytes), align: 0
  Segment part 28.            Intra module refs:   basicRfReceiveOn::?relay
           ENTRY                   ADDRESS         REF BY
           =====                   =======         ======
           basicRfReceiveOn        000010E2 
               calls direct
               ISTACK = 00000000 ( 00000002 )
    -------------------------------------------------------------------------
XDATA_ID
  Relative segment, address: CODE 00000107 - 00000112 (0xc bytes), align: 0
  Segment part 7.             Intra module refs:   rxi
    -------------------------------------------------------------------------
BANK_RELAYS
  Relative segment, address: CODE 00000118 - 0000011D (0x6 bytes), align: 0
  Segment part 13.            Intra module refs:   basicRfBuildMpdu
           LOCAL                   ADDRESS         
           =====                   =======         
           basicRfBuildHeader::?relay
                                   00000118 
    -------------------------------------------------------------------------
BANK_RELAYS
  Relative segment, address: CODE 0000011E - 00000123 (0x6 bytes), align: 0
  Segment part 15.            Intra module refs:   basicRfSendPacket
           LOCAL                   ADDRESS         
           =====                   =======         
           basicRfBuildMpdu::?relay
                                   0000011E 
    -------------------------------------------------------------------------
BANK_RELAYS
  Relative segment, address: CODE 00000124 - 00000129 (0x6 bytes), align: 0
  Segment part 17.            Intra module refs:   basicRfInit
           LOCAL                   ADDRESS         
           =====                   =======         
           basicRfRxFrmDoneIsr::?relay
                                   00000124 
    -------------------------------------------------------------------------
BANK_RELAYS
  Relative segment, address: CODE 0000012A - 0000012F (0x6 bytes), align: 0
  Segment part 19.
           ENTRY                   ADDRESS         REF BY
           =====                   =======         ======
           basicRfInit::?relay     0000012A        main (main_pc)
    -------------------------------------------------------------------------
BANK_RELAYS
  Relative segment, address: CODE 00000130 - 00000135 (0x6 bytes), align: 0
  Segment part 21.
           ENTRY                   ADDRESS         REF BY
           =====                   =======         ======
           basicRfSendPacket::?relay
                                   00000130        main (main_pc)
    -------------------------------------------------------------------------
BANK_RELAYS
  Relative segment, address: CODE 00000136 - 0000013B (0x6 bytes), align: 0
  Segment part 23.
           ENTRY                   ADDRESS         REF BY
           =====                   =======         ======
           basicRfPacketIsReady::?relay
                                   00000136        RF_Timeout (main_pc)
    -------------------------------------------------------------------------
BANK_RELAYS
  Relative segment, address: CODE 0000013C - 00000141 (0x6 bytes), align: 0
  Segment part 25.
           ENTRY                   ADDRESS         REF BY
           =====                   =======         ======
           basicRfReceive::?relay
                                   0000013C        main (main_pc)
    -------------------------------------------------------------------------
BANK_RELAYS
  Relative segment, address: CODE 00000142 - 00000147 (0x6 bytes), align: 0
  Segment part 29.
           ENTRY                   ADDRESS         REF BY
           =====                   =======         ======
           basicRfReceiveOn::?relay
                                   00000142        main (main_pc)

    *************************************************************************

  FILE NAME : D:\GitHub\SMAC_IAR\Sensor_Side\pc_side\Obj\clock.r51
  PROGRAM MODULE, NAME : clock

  SEGMENTS IN THE MODULE
  ======================
SFR_AN
  Relative segment, address: DATA 000000C6 - 000000C6 (0x1 bytes), align: 0
  Segment part 1. ROOT.       Intra module refs:   clock_init
           ENTRY                   ADDRESS         REF BY
           =====                   =======         ======
           CLKCONCMD               000000C6 
    -------------------------------------------------------------------------
SFR_AN
  Relative segment, address: DATA 0000009E - 0000009E (0x1 bytes), align: 0
  Segment part 2. ROOT.       Intra module refs:   clock_init
           ENTRY                   ADDRESS         REF BY
           =====                   =======         ======
           CLKCONSTA               0000009E 
    -------------------------------------------------------------------------
<BANKED_CODE> 1 (was BANKED_CODE)
  Relative segment, address: CODE 00001579 - 00001587 (0xf bytes), align: 0
  Segment part 8.             Intra module refs:   clock_init::?relay
           ENTRY                   ADDRESS         REF BY
           =====                   =======         ======
           clock_init              00001579 
    -------------------------------------------------------------------------
BANK_RELAYS
  Relative segment, address: CODE 00000148 - 0000014D (0x6 bytes), align: 0
  Segment part 9.
           ENTRY                   ADDRESS         REF BY
           =====                   =======         ======
           clock_init::?relay      00000148        main (main_pc)

    *************************************************************************

  FILE NAME : D:\GitHub\SMAC_IAR\Sensor_Side\pc_side\Obj\hal_assert.r51
    *************************************************************************

  FILE NAME : D:\GitHub\SMAC_IAR\Sensor_Side\pc_side\Obj\hal_button.r51
  PROGRAM MODULE, NAME : hal_button

  SEGMENTS IN THE MODULE
  ======================
SFR_AN
  Relative segment, address: DATA 00000080 - 00000080 (0x1 bytes), align: 0
  Segment part 1. ROOT.
           ENTRY                   ADDRESS         REF BY
           =====                   =======         ======
           _A_P0                   00000080 
           LOCAL                   ADDRESS         
           =====                   =======         
           P0                      00000080 
    -------------------------------------------------------------------------
SFR_AN
  Relative segment, address: DATA 0000008F - 0000008F (0x1 bytes), align: 0
  Segment part 2. ROOT.
           ENTRY                   ADDRESS         REF BY
           =====                   =======         ======
           P0INP                   0000008F 
    -------------------------------------------------------------------------
SFR_AN
  Relative segment, address: DATA 000000F3 - 000000F3 (0x1 bytes), align: 0
  Segment part 3. ROOT.       Intra module refs:   uart0_Init (uart_manager)
           ENTRY                   ADDRESS         REF BY
           =====                   =======         ======
           P0SEL                   000000F3 
    -------------------------------------------------------------------------
SFR_AN
  Relative segment, address: DATA 000000F7 - 000000F7 (0x1 bytes), align: 0
  Segment part 4. ROOT.
           ENTRY                   ADDRESS         REF BY
           =====                   =======         ======
           P2INP                   000000F7 
    -------------------------------------------------------------------------
SFR_AN
  Relative segment, address: DATA 000000FD - 000000FD (0x1 bytes), align: 0
  Segment part 5. ROOT.
           ENTRY                   ADDRESS         REF BY
           =====                   =======         ======
           P0DIR                   000000FD 

    *************************************************************************

  FILE NAME : D:\GitHub\SMAC_IAR\Sensor_Side\pc_side\Obj\hal_int.r51
  PROGRAM MODULE, NAME : hal_int

  SEGMENTS IN THE MODULE
  ======================
SFR_AN
  Relative segment, address: DATA 000000A8 - 000000A8 (0x1 bytes), align: 0
  Segment part 1. ROOT.       Intra module refs:   UART0_RX_ISR (uart_manager)
                                                   halIntOff
                                                   halIntOn
                                                   halRfRxInterruptConfig (hal_rf)
                                                   main (main_pc)
                                                   rfIsr (hal_rf)
                                                   uart0_Init (uart_manager)
           ENTRY                   ADDRESS         REF BY
           =====                   =======         ======
           _A_IEN0                 000000A8 
           LOCAL                   ADDRESS         
           =====                   =======         
           IEN0                    000000A8 
    -------------------------------------------------------------------------
<BANKED_CODE> 1 (was BANKED_CODE)
  Relative segment, address: CODE 00001588 - 0000158C (0x5 bytes), align: 0
  Segment part 7.             Intra module refs:   halIntOn::?relay
           ENTRY                   ADDRESS         REF BY
           =====                   =======         ======
           halIntOn                00001588 
    -------------------------------------------------------------------------
<BANKED_CODE> 1 (was BANKED_CODE)
  Relative segment, address: CODE 0000158D - 00001591 (0x5 bytes), align: 0
  Segment part 9.             Intra module refs:   halIntOff::?relay
           ENTRY                   ADDRESS         REF BY
           =====                   =======         ======
           halIntOff               0000158D 
    -------------------------------------------------------------------------
BANK_RELAYS
  Relative segment, address: CODE 0000014E - 00000153 (0x6 bytes), align: 0
  Segment part 8.
           ENTRY                   ADDRESS         REF BY
           =====                   =======         ======
           halIntOn::?relay        0000014E        basicRfInit (basic_rf)
                                                   basicRfReceive (basic_rf)
                                                   basicRfRxFrmDoneIsr (basic_rf)
    -------------------------------------------------------------------------
BANK_RELAYS
  Relative segment, address: CODE 00000154 - 00000159 (0x6 bytes), align: 0
  Segment part 10.
           ENTRY                   ADDRESS         REF BY
           =====                   =======         ======
           halIntOff::?relay       00000154        basicRfInit (basic_rf)
                                                   basicRfReceive (basic_rf)
                                                   basicRfRxFrmDoneIsr (basic_rf)

    *************************************************************************

  FILE NAME : D:\GitHub\SMAC_IAR\Sensor_Side\pc_side\Obj\hal_mcu.r51
  PROGRAM MODULE, NAME : hal_mcu

  SEGMENTS IN THE MODULE
  ======================
SFR_AN
  Relative segment, address: DATA 000000C9 - 000000C9 (0x1 bytes), align: 0
  Segment part 1. ROOT.       Intra module refs:   halMcuReset
           ENTRY                   ADDRESS         REF BY
           =====                   =======         ======
           WDCTL                   000000C9 
    -------------------------------------------------------------------------
<BANKED_CODE> 1 (was BANKED_CODE)
  Relative segment, address: CODE 00001439 - 00001465 (0x2d bytes), align: 0
  Segment part 7.             Intra module refs:   halMcuWaitUs::?relay
           ENTRY                   ADDRESS         REF BY
           =====                   =======         ======
           halMcuWaitUs            00001439 
               XSTACK = 00000009 ( 00000000 )
    -------------------------------------------------------------------------
<BANKED_CODE> 1 (was BANKED_CODE)
  Relative segment, address: CODE 00001466 - 0000148C (0x27 bytes), align: 0
  Segment part 9.             Intra module refs:   halMcuWaitMs::?relay
           ENTRY                   ADDRESS         REF BY
           =====                   =======         ======
           halMcuWaitMs            00001466 
               calls direct
               XSTACK = 00000000 ( 00000009 )
    -------------------------------------------------------------------------
<BANKED_CODE> 1 (was BANKED_CODE)
  Relative segment, address: CODE 0000148D - 000014A1 (0x15 bytes), align: 0
  Segment part 11.            Intra module refs:   halMcuReset::?relay
           ENTRY                   ADDRESS         REF BY
           =====                   =======         ======
           halMcuReset             0000148D 
    -------------------------------------------------------------------------
BANK_RELAYS
  Relative segment, address: CODE 0000015A - 0000015F (0x6 bytes), align: 0
  Segment part 8.             Intra module refs:   halMcuWaitMs
           ENTRY                   ADDRESS         REF BY
           =====                   =======         ======
           halMcuWaitUs::?relay    0000015A        RF_Timeout (main_pc)
                                                   basicRfSendPacket (basic_rf)
                                                   main (main_pc)
    -------------------------------------------------------------------------
BANK_RELAYS
  Relative segment, address: CODE 00000160 - 00000165 (0x6 bytes), align: 0
  Segment part 10.
           ENTRY                   ADDRESS         REF BY
           =====                   =======         ======
           halMcuWaitMs::?relay    00000160        main (main_pc)
    -------------------------------------------------------------------------
BANK_RELAYS
  Relative segment, address: CODE 00000166 - 0000016B (0x6 bytes), align: 0
  Segment part 12.
           ENTRY                   ADDRESS         REF BY
           =====                   =======         ======
           halMcuReset::?relay     00000166        main (main_pc)

    *************************************************************************

  FILE NAME : D:\GitHub\SMAC_IAR\Sensor_Side\pc_side\Obj\hal_rf.r51
  PROGRAM MODULE, NAME : hal_rf

  SEGMENTS IN THE MODULE
  ======================
SFR_AN
  Relative segment, address: DATA 0000009A - 0000009A (0x1 bytes), align: 0
  Segment part 1. ROOT.       Intra module refs:   halRfDisableRxInterrupt
                                                   halRfEnableRxInterrupt
           ENTRY                   ADDRESS         REF BY
           =====                   =======         ======
           IEN2                    0000009A 
    -------------------------------------------------------------------------
SFR_AN
  Relative segment, address: DATA 0000009B - 0000009B (0x1 bytes), align: 0
  Segment part 2. ROOT.       Intra module refs:   rfIsr
           ENTRY                   ADDRESS         REF BY
           =====                   =======         ======
           S1CON                   0000009B 
    -------------------------------------------------------------------------
SFR_AN
  Relative segment, address: DATA 00000091 - 00000091 (0x1 bytes), align: 0
  Segment part 4. ROOT.       Intra module refs:   halRfTransmit
                                                   halRfWriteTxBuf
           ENTRY                   ADDRESS         REF BY
           =====                   =======         ======
           RFIRQF1                 00000091 
    -------------------------------------------------------------------------
SFR_AN
  Relative segment, address: DATA 000000D9 - 000000D9 (0x1 bytes), align: 0
  Segment part 5. ROOT.       Intra module refs:   halRfReadRxBuf
                                                   halRfWriteTxBuf
           ENTRY                   ADDRESS         REF BY
           =====                   =======         ======
           RFD                     000000D9 
    -------------------------------------------------------------------------
SFR_AN
  Relative segment, address: DATA 000000E1 - 000000E1 (0x1 bytes), align: 0
  Segment part 6. ROOT.       Intra module refs:   halRfReceiveOff
                                                   halRfReceiveOn
                                                   halRfTransmit
                                                   halRfWriteTxBuf
           ENTRY                   ADDRESS         REF BY
           =====                   =======         ======
           RFST                    000000E1 
    -------------------------------------------------------------------------
SFR_AN
  Relative segment, address: DATA 000000E9 - 000000E9 (0x1 bytes), align: 0
  Segment part 7. ROOT.       Intra module refs:   rfIsr
           ENTRY                   ADDRESS         REF BY
           =====                   =======         ======
           RFIRQF0                 000000E9 
    -------------------------------------------------------------------------
XDATA_AN
  Relative segment, address: XDATA 00006249 - 00006249 (0x1 bytes), align: 0
  Segment part 8. ROOT.
           ENTRY                   ADDRESS         REF BY
           =====                   =======         ======
           CHVER                   00006249 
    -------------------------------------------------------------------------
XDATA_AN
  Relative segment, address: XDATA 0000624A - 0000624A (0x1 bytes), align: 0
  Segment part 9. ROOT.
           ENTRY                   ADDRESS         REF BY
           =====                   =======         ======
           CHIPID                  0000624A 
    -------------------------------------------------------------------------
XDATA_AN
  Relative segment, address: XDATA 00006172 - 00006172 (0x1 bytes), align: 0
  Segment part 10. ROOT.      Intra module refs:   halRfSetPanId
           ENTRY                   ADDRESS         REF BY
           =====                   =======         ======
           PAN_ID0                 00006172 
    -------------------------------------------------------------------------
XDATA_AN
  Relative segment, address: XDATA 00006173 - 00006173 (0x1 bytes), align: 0
  Segment part 11. ROOT.      Intra module refs:   halRfSetPanId
           ENTRY                   ADDRESS         REF BY
           =====                   =======         ======
           PAN_ID1                 00006173 
    -------------------------------------------------------------------------
XDATA_AN
  Relative segment, address: XDATA 00006174 - 00006174 (0x1 bytes), align: 0
  Segment part 12. ROOT.      Intra module refs:   halRfSetShortAddr
           ENTRY                   ADDRESS         REF BY
           =====                   =======         ======
           SHORT_ADDR0             00006174 
    -------------------------------------------------------------------------
XDATA_AN
  Relative segment, address: XDATA 00006175 - 00006175 (0x1 bytes), align: 0
  Segment part 13. ROOT.      Intra module refs:   halRfSetShortAddr
           ENTRY                   ADDRESS         REF BY
           =====                   =======         ======
           SHORT_ADDR1             00006175 
    -------------------------------------------------------------------------
XDATA_AN
  Relative segment, address: XDATA 00006189 - 00006189 (0x1 bytes), align: 0
  Segment part 14. ROOT.      Intra module refs:   halRfInit
           ENTRY                   ADDRESS         REF BY
           =====                   =======         ======
           FRMCTRL0                00006189 
    -------------------------------------------------------------------------
XDATA_AN
  Relative segment, address: XDATA 0000618F - 0000618F (0x1 bytes), align: 0
  Segment part 15. ROOT.      Intra module refs:   halRfSetChannel
           ENTRY                   ADDRESS         REF BY
           =====                   =======         ======
           FREQCTRL                0000618F 
    -------------------------------------------------------------------------
XDATA_AN
  Relative segment, address: XDATA 00006190 - 00006190 (0x1 bytes), align: 0
  Segment part 16. ROOT.      Intra module refs:   main (main_pc)
           ENTRY                   ADDRESS         REF BY
           =====                   =======         ======
           TXPOWER                 00006190 
    -------------------------------------------------------------------------
XDATA_AN
  Relative segment, address: XDATA 00006193 - 00006193 (0x1 bytes), align: 0
  Segment part 17. ROOT.      Intra module refs:   halRfWaitTransceiverReady
           ENTRY                   ADDRESS         REF BY
           =====                   =======         ======
           FSMSTAT1                00006193 
    -------------------------------------------------------------------------
XDATA_AN
  Relative segment, address: XDATA 000061A3 - 000061A3 (0x1 bytes), align: 0
  Segment part 18. ROOT.      Intra module refs:   halRfDisableRxInterrupt
                                                   halRfEnableRxInterrupt
           ENTRY                   ADDRESS         REF BY
           =====                   =======         ======
           RFIRQM0                 000061A3 
    -------------------------------------------------------------------------
XDATA_AN
  Relative segment, address: XDATA 000061AE - 000061AE (0x1 bytes), align: 0
  Segment part 19. ROOT.      Intra module refs:   halRfInit
           ENTRY                   ADDRESS         REF BY
           =====                   =======         ======
           FSCAL1                  000061AE 
    -------------------------------------------------------------------------
XDATA_AN
  Relative segment, address: XDATA 000061B2 - 000061B2 (0x1 bytes), align: 0
  Segment part 20. ROOT.      Intra module refs:   halRfInit
           ENTRY                   ADDRESS         REF BY
           =====                   =======         ======
           AGCCTRL1                000061B2 
    -------------------------------------------------------------------------
XDATA_AN
  Relative segment, address: XDATA 000061FA - 000061FA (0x1 bytes), align: 0
  Segment part 21. ROOT.      Intra module refs:   halRfInit
           ENTRY                   ADDRESS         REF BY
           =====                   =======         ======
           TXFILTCFG               000061FA 
    -------------------------------------------------------------------------
XDATA_Z
  Relative segment, address: XDATA 000001FD - 000001FE (0x2 bytes), align: 0
  Segment part 38.            Intra module refs:   halRfRxInterruptConfig
                                                   rfIsr
           LOCAL                   ADDRESS         
           =====                   =======         
           pfISR                   000001FD 
    -------------------------------------------------------------------------
XDATA_I
  Relative segment, address: XDATA 000003AE - 000003AE (0x1 bytes), align: 0
  Segment part 39.            Intra module refs:   halRfGetRssiOffset
           LOCAL                   ADDRESS         
           =====                   =======         
           rssiOffset              000003AE 
    -------------------------------------------------------------------------
<BANKED_CODE> 1 (was BANKED_CODE)
  Relative segment, address: CODE 000012DA - 00001305 (0x2c bytes), align: 0
  Segment part 41.            Intra module refs:   halRfInit::?relay
           ENTRY                   ADDRESS         REF BY
           =====                   =======         ======
           halRfInit               000012DA 
               calls direct
               ISTACK = 00000000 ( 00000002 )
    -------------------------------------------------------------------------
<BANKED_CODE> 1 (was BANKED_CODE)
  Relative segment, address: CODE 00001306 - 00001315 (0x10 bytes), align: 0
  Segment part 49.            Intra module refs:   halRfGetRssiOffset::?relay
           ENTRY                   ADDRESS         REF BY
           =====                   =======         ======
           halRfGetRssiOffset      00001306 
               ISTACK = 00000000 ( 00000002 )
    -------------------------------------------------------------------------
<BANKED_CODE> 1 (was BANKED_CODE)
  Relative segment, address: CODE 00001316 - 0000132B (0x16 bytes), align: 0
  Segment part 51.            Intra module refs:   halRfSetChannel::?relay
           ENTRY                   ADDRESS         REF BY
           =====                   =======         ======
           halRfSetChannel         00001316 
               ISTACK = 00000000 ( 00000002 )
    -------------------------------------------------------------------------
<BANKED_CODE> 1 (was BANKED_CODE)
  Relative segment, address: CODE 0000132C - 00001347 (0x1c bytes), align: 0
  Segment part 53.            Intra module refs:   halRfSetShortAddr::?relay
           ENTRY                   ADDRESS         REF BY
           =====                   =======         ======
           halRfSetShortAddr       0000132C 
               ISTACK = 00000000 ( 00000002 )
    -------------------------------------------------------------------------
<BANKED_CODE> 1 (was BANKED_CODE)
  Relative segment, address: CODE 00001348 - 00001363 (0x1c bytes), align: 0
  Segment part 55.            Intra module refs:   halRfSetPanId::?relay
           ENTRY                   ADDRESS         REF BY
           =====                   =======         ======
           halRfSetPanId           00001348 
               ISTACK = 00000000 ( 00000002 )
    -------------------------------------------------------------------------
<BANKED_CODE> 1 (was BANKED_CODE)
  Relative segment, address: CODE 00001364 - 0000138F (0x2c bytes), align: 0
  Segment part 61.            Intra module refs:   halRfWriteTxBuf::?relay
           ENTRY                   ADDRESS         REF BY
           =====                   =======         ======
           halRfWriteTxBuf         00001364 
               XSTACK = 00000000 ( 0000000A )
    -------------------------------------------------------------------------
<BANKED_CODE> 1 (was BANKED_CODE)
  Relative segment, address: CODE 00001390 - 000013B4 (0x25 bytes), align: 0
  Segment part 65.            Intra module refs:   halRfReadRxBuf::?relay
           ENTRY                   ADDRESS         REF BY
           =====                   =======         ======
           halRfReadRxBuf          00001390 
               ISTACK = 00000000 ( 00000003 )
    -------------------------------------------------------------------------
<BANKED_CODE> 1 (was BANKED_CODE)
  Relative segment, address: CODE 000013B5 - 000013C5 (0x11 bytes), align: 0
  Segment part 71.            Intra module refs:   halRfTransmit::?relay
           ENTRY                   ADDRESS         REF BY
           =====                   =======         ======
           halRfTransmit           000013B5 
    -------------------------------------------------------------------------
<BANKED_CODE> 1 (was BANKED_CODE)
  Relative segment, address: CODE 000013C6 - 000013CE (0x9 bytes), align: 0
  Segment part 73.            Intra module refs:   halRfReceiveOn::?relay
           ENTRY                   ADDRESS         REF BY
           =====                   =======         ======
           halRfReceiveOn          000013C6 
    -------------------------------------------------------------------------
<BANKED_CODE> 1 (was BANKED_CODE)
  Relative segment, address: CODE 000013CF - 000013D7 (0x9 bytes), align: 0
  Segment part 75.            Intra module refs:   halRfReceiveOff::?relay
           ENTRY                   ADDRESS         REF BY
           =====                   =======         ======
           halRfReceiveOff         000013CF 
    -------------------------------------------------------------------------
<BANKED_CODE> 1 (was BANKED_CODE)
  Relative segment, address: CODE 000013D8 - 000013EC (0x15 bytes), align: 0
  Segment part 77.            Intra module refs:   halRfDisableRxInterrupt::?relay
           ENTRY                   ADDRESS         REF BY
           =====                   =======         ======
           halRfDisableRxInterrupt
                                   000013D8 
               ISTACK = 00000000 ( 00000002 )
    -------------------------------------------------------------------------
<BANKED_CODE> 1 (was BANKED_CODE)
  Relative segment, address: CODE 000013ED - 00001401 (0x15 bytes), align: 0
  Segment part 79.            Intra module refs:   halRfEnableRxInterrupt::?relay
           ENTRY                   ADDRESS         REF BY
           =====                   =======         ======
           halRfEnableRxInterrupt
                                   000013ED 
               ISTACK = 00000000 ( 00000002 )
    -------------------------------------------------------------------------
<BANKED_CODE> 1 (was BANKED_CODE)
  Relative segment, address: CODE 00001402 - 00001422 (0x21 bytes), align: 0
  Segment part 81.            Intra module refs:   halRfRxInterruptConfig::?relay
           ENTRY                   ADDRESS         REF BY
           =====                   =======         ======
           halRfRxInterruptConfig
                                   00001402 
               ISTACK = 00000000 ( 00000002 )
    -------------------------------------------------------------------------
<BANKED_CODE> 1 (was BANKED_CODE)
  Relative segment, address: CODE 00001423 - 00001435 (0x13 bytes), align: 0
  Segment part 83.            Intra module refs:   halRfWaitTransceiverReady::?relay
           ENTRY                   ADDRESS         REF BY
           =====                   =======         ======
           halRfWaitTransceiverReady
                                   00001423 
               ISTACK = 00000000 ( 00000002 )
    -------------------------------------------------------------------------
NEAR_CODE
  Relative segment, address: CODE 00000433 - 00000472 (0x40 bytes), align: 0
  Segment part 87.            Intra module refs:   rfIsr::??INTVEC 131
           ENTRY                   ADDRESS         REF BY
           =====                   =======         ======
           rfIsr                   00000433 
               interrupt function
               XSTACK = 00000000 ( 0000000E )
    -------------------------------------------------------------------------
<BANKED_CODE> 1 (was BANKED_CODE)
  Relative segment, address: CODE 00001436 - 00001438 (0x3 bytes), align: 0
  Segment part 85.            Intra module refs:   halPaLnaInit::?relay
           LOCAL                   ADDRESS         
           =====                   =======         
           halPaLnaInit            00001436 
    -------------------------------------------------------------------------
INTVEC
  Common segment, address: CODE 00000000 - 00000085 (0x86 bytes), align: 0
  Segment part 22. ROOT.
           ENTRY                   ADDRESS         REF BY
           =====                   =======         ======
           rfIsr::??INTVEC 131     00000083 
    -------------------------------------------------------------------------
XDATA_ID
  Relative segment, address: CODE 00000113 - 00000113 (0x1 bytes), align: 0
  Segment part 40.            Intra module refs:   rssiOffset
    -------------------------------------------------------------------------
BANK_RELAYS
  Relative segment, address: CODE 0000016C - 00000171 (0x6 bytes), align: 0
  Segment part 42.
           ENTRY                   ADDRESS         REF BY
           =====                   =======         ======
           halRfInit::?relay       0000016C        basicRfInit (basic_rf)
    -------------------------------------------------------------------------
BANK_RELAYS
  Relative segment, address: CODE 00000172 - 00000177 (0x6 bytes), align: 0
  Segment part 50.
           ENTRY                   ADDRESS         REF BY
           =====                   =======         ======
           halRfGetRssiOffset::?relay
                                   00000172        basicRfReceive (basic_rf)
    -------------------------------------------------------------------------
BANK_RELAYS
  Relative segment, address: CODE 00000178 - 0000017D (0x6 bytes), align: 0
  Segment part 52.
           ENTRY                   ADDRESS         REF BY
           =====                   =======         ======
           halRfSetChannel::?relay
                                   00000178        basicRfInit (basic_rf)
    -------------------------------------------------------------------------
BANK_RELAYS
  Relative segment, address: CODE 0000017E - 00000183 (0x6 bytes), align: 0
  Segment part 54.
           ENTRY                   ADDRESS         REF BY
           =====                   =======         ======
           halRfSetShortAddr::?relay
                                   0000017E        basicRfInit (basic_rf)
    -------------------------------------------------------------------------
BANK_RELAYS
  Relative segment, address: CODE 00000184 - 00000189 (0x6 bytes), align: 0
  Segment part 56.
           ENTRY                   ADDRESS         REF BY
           =====                   =======         ======
           halRfSetPanId::?relay   00000184        basicRfInit (basic_rf)
    -------------------------------------------------------------------------
BANK_RELAYS
  Relative segment, address: CODE 0000018A - 0000018F (0x6 bytes), align: 0
  Segment part 62.
           ENTRY                   ADDRESS         REF BY
           =====                   =======         ======
           halRfWriteTxBuf::?relay
                                   0000018A        basicRfSendPacket (basic_rf)
    -------------------------------------------------------------------------
BANK_RELAYS
  Relative segment, address: CODE 00000190 - 00000195 (0x6 bytes), align: 0
  Segment part 66.
           ENTRY                   ADDRESS         REF BY
           =====                   =======         ======
           halRfReadRxBuf::?relay
                                   00000190        basicRfRxFrmDoneIsr (basic_rf)
    -------------------------------------------------------------------------
BANK_RELAYS
  Relative segment, address: CODE 00000196 - 0000019B (0x6 bytes), align: 0
  Segment part 72.
           ENTRY                   ADDRESS         REF BY
           =====                   =======         ======
           halRfTransmit::?relay   00000196        basicRfSendPacket (basic_rf)
    -------------------------------------------------------------------------
BANK_RELAYS
  Relative segment, address: CODE 0000019C - 000001A1 (0x6 bytes), align: 0
  Segment part 74.
           ENTRY                   ADDRESS         REF BY
           =====                   =======         ======
           halRfReceiveOn::?relay
                                   0000019C        basicRfReceiveOn (basic_rf)
                                                   basicRfSendPacket (basic_rf)
    -------------------------------------------------------------------------
BANK_RELAYS
  Relative segment, address: CODE 000001A2 - 000001A7 (0x6 bytes), align: 0
  Segment part 76.
           ENTRY                   ADDRESS         REF BY
           =====                   =======         ======
           halRfReceiveOff::?relay
                                   000001A2        basicRfSendPacket (basic_rf)
    -------------------------------------------------------------------------
BANK_RELAYS
  Relative segment, address: CODE 000001A8 - 000001AD (0x6 bytes), align: 0
  Segment part 78.
           ENTRY                   ADDRESS         REF BY
           =====                   =======         ======
           halRfDisableRxInterrupt::?relay
                                   000001A8        basicRfRxFrmDoneIsr (basic_rf)
                                                   basicRfSendPacket (basic_rf)
    -------------------------------------------------------------------------
BANK_RELAYS
  Relative segment, address: CODE 000001AE - 000001B3 (0x6 bytes), align: 0
  Segment part 80.            Intra module refs:   halRfInit
           ENTRY                   ADDRESS         REF BY
           =====                   =======         ======
           halRfEnableRxInterrupt::?relay
                                   000001AE        basicRfRxFrmDoneIsr (basic_rf)
                                                   basicRfSendPacket (basic_rf)
    -------------------------------------------------------------------------
BANK_RELAYS
  Relative segment, address: CODE 000001B4 - 000001B9 (0x6 bytes), align: 0
  Segment part 82.
           ENTRY                   ADDRESS         REF BY
           =====                   =======         ======
           halRfRxInterruptConfig::?relay
                                   000001B4        basicRfInit (basic_rf)
    -------------------------------------------------------------------------
BANK_RELAYS
  Relative segment, address: CODE 000001BA - 000001BF (0x6 bytes), align: 0
  Segment part 84.
           ENTRY                   ADDRESS         REF BY
           =====                   =======         ======
           halRfWaitTransceiverReady::?relay
                                   000001BA        basicRfSendPacket (basic_rf)
    -------------------------------------------------------------------------
BANK_RELAYS
  Relative segment, address: CODE 000001C0 - 000001C5 (0x6 bytes), align: 0
  Segment part 86.            Intra module refs:   halRfInit
           LOCAL                   ADDRESS         
           =====                   =======         
           halPaLnaInit::?relay    000001C0 

    *************************************************************************

  FILE NAME : D:\GitHub\SMAC_IAR\Sensor_Side\pc_side\Obj\lis331dlh.r51
  PROGRAM MODULE, NAME : lis331dlh

  SEGMENTS IN THE MODULE
  ======================
SFR_AN
  Relative segment, address: DATA 00000090 - 00000090 (0x1 bytes), align: 0
  Segment part 1. ROOT.
           ENTRY                   ADDRESS         REF BY
           =====                   =======         ======
           _A_P1                   00000090 
           LOCAL                   ADDRESS         
           =====                   =======         
           P1                      00000090 

    *************************************************************************

  FILE NAME : D:\GitHub\SMAC_IAR\Sensor_Side\pc_side\Obj\main_pc.r51
  PROGRAM MODULE, NAME : main_pc

  SEGMENTS IN THE MODULE
  ======================
SFR_AN
  Relative segment, address: DATA 000000B8 - 000000B8 (0x1 bytes), align: 0
  Segment part 2. ROOT.       Intra module refs:   main
           ENTRY                   ADDRESS         REF BY
           =====                   =======         ======
           _A_IEN1                 000000B8 
           LOCAL                   ADDRESS         
           =====                   =======         
           IEN1                    000000B8 
    -------------------------------------------------------------------------
SFR_AN
  Relative segment, address: DATA 000000C0 - 000000C0 (0x1 bytes), align: 0
  Segment part 3. ROOT.       Intra module refs:   DMA_COMPLETE_ISR
                                                   PORT0_IRQ (pwr_mode_manager)
                                                   sleeptimer_ISR (pwr_mode_manager)
           ENTRY                   ADDRESS         REF BY
           =====                   =======         ======
           _A_IRCON                000000C0 
           LOCAL                   ADDRESS         
           =====                   =======         
           IRCON                   000000C0 
    -------------------------------------------------------------------------
SFR_AN
  Relative segment, address: DATA 000000D1 - 000000D1 (0x1 bytes), align: 0
  Segment part 4. ROOT.       Intra module refs:   DMA_COMPLETE_ISR
                                                   main
           ENTRY                   ADDRESS         REF BY
           =====                   =======         ======
           DMAIRQ                  000000D1 
    -------------------------------------------------------------------------
SFR_AN
  Relative segment, address: DATA 000000D4 - 000000D4 (0x1 bytes), align: 0
  Segment part 5. ROOT.       Intra module refs:   main
           ENTRY                   ADDRESS         REF BY
           =====                   =======         ======
           DMA0CFGL                000000D4 
    -------------------------------------------------------------------------
SFR_AN
  Relative segment, address: DATA 000000D5 - 000000D5 (0x1 bytes), align: 0
  Segment part 6. ROOT.       Intra module refs:   main
           ENTRY                   ADDRESS         REF BY
           =====                   =======         ======
           DMA0CFGH                000000D5 
    -------------------------------------------------------------------------
SFR_AN
  Relative segment, address: DATA 000000D6 - 000000D6 (0x1 bytes), align: 0
  Segment part 7. ROOT.       Intra module refs:   main
           ENTRY                   ADDRESS         REF BY
           =====                   =======         ======
           DMAARM                  000000D6 
    -------------------------------------------------------------------------
SFR_AN
  Relative segment, address: DATA 000000D7 - 000000D7 (0x1 bytes), align: 0
  Segment part 8. ROOT.       Intra module refs:   main
           ENTRY                   ADDRESS         REF BY
           =====                   =======         ======
           DMAREQ                  000000D7 
    -------------------------------------------------------------------------
XDATA_AN
  Relative segment, address: XDATA 000070C1 - 000070C1 (0x1 bytes), align: 0
  Segment part 10. ROOT.      Intra module refs:   main
           ENTRY                   ADDRESS         REF BY
           =====                   =======         ======
           X_U0DBUF                000070C1 
    -------------------------------------------------------------------------
XDATA_Z
  Relative segment, address: XDATA 000001FF - 000001FF (0x1 bytes), align: 0
  Segment part 17.            Intra module refs:   DMA_COMPLETE_ISR
                                                   main
           ENTRY                   ADDRESS         REF BY
           =====                   =======         ======
           DMA_COMPLETE            000001FF 
    -------------------------------------------------------------------------
XDATA_Z
  Relative segment, address: XDATA 00000200 - 00000200 (0x1 bytes), align: 0
  Segment part 18.            Intra module refs:   main
           ENTRY                   ADDRESS         REF BY
           =====                   =======         ======
           uart_status             00000200        UART0_RX_ISR (uart_manager)
    -------------------------------------------------------------------------
XDATA_Z
  Relative segment, address: XDATA 00000201 - 00000201 (0x1 bytes), align: 0
  Segment part 19.            Intra module refs:   main
           ENTRY                   ADDRESS         REF BY
           =====                   =======         ======
           uart_CMD                00000201 
    -------------------------------------------------------------------------
XDATA_Z
  Relative segment, address: XDATA 00000202 - 0000021F (0x1e bytes), align: 0
  Segment part 20.            Intra module refs:   main
           LOCAL                   ADDRESS         
           =====                   =======         
           pTxData                 00000202 
    -------------------------------------------------------------------------
XDATA_Z
  Relative segment, address: XDATA 00000220 - 0000023D (0x1e bytes), align: 0
  Segment part 21.            Intra module refs:   main
           LOCAL                   ADDRESS         
           =====                   =======         
           pRxData                 00000220 
    -------------------------------------------------------------------------
XDATA_Z
  Relative segment, address: XDATA 0000023E - 00000243 (0x6 bytes), align: 0
  Segment part 22.            Intra module refs:   main
           LOCAL                   ADDRESS         
           =====                   =======         
           basicRfConfig           0000023E 
    -------------------------------------------------------------------------
XDATA_Z
  Relative segment, address: XDATA 00000244 - 0000027F (0x3c bytes), align: 0
  Segment part 23.            Intra module refs:   main
           LOCAL                   ADDRESS         
           =====                   =======         
           data                    00000244 
    -------------------------------------------------------------------------
XDATA_Z
  Relative segment, address: XDATA 00000280 - 00000280 (0x1 bytes), align: 0
  Segment part 24.            Intra module refs:   main
           ENTRY                   ADDRESS         REF BY
           =====                   =======         ======
           device_status           00000280 
    -------------------------------------------------------------------------
XDATA_Z
  Relative segment, address: XDATA 00000281 - 00000281 (0x1 bytes), align: 0
  Segment part 25.            Intra module refs:   main
           ENTRY                   ADDRESS         REF BY
           =====                   =======         ======
           valid_package           00000281 
    -------------------------------------------------------------------------
XDATA_Z
  Relative segment, address: XDATA 00000282 - 00000282 (0x1 bytes), align: 0
  Segment part 26.            Intra module refs:   main
           ENTRY                   ADDRESS         REF BY
           =====                   =======         ======
           RF_Timeout_Status       00000282 
    -------------------------------------------------------------------------
XDATA_Z
  Relative segment, address: XDATA 00000283 - 000002A0 (0x1e bytes), align: 0
  Segment part 27.            Intra module refs:   main
           ENTRY                   ADDRESS         REF BY
           =====                   =======         ======
           data_uart               00000283 
    -------------------------------------------------------------------------
XDATA_Z
  Relative segment, address: XDATA 000002A1 - 000002A1 (0x1 bytes), align: 0
  Segment part 29.            Intra module refs:   main
           ENTRY                   ADDRESS         REF BY
           =====                   =======         ======
           HOLD_try                000002A1 
    -------------------------------------------------------------------------
<BANKED_CODE> 1 (was BANKED_CODE)
  Relative segment, address: CODE 000005D2 - 00000C7E (0x6ad bytes), align: 0
  Segment part 30.
           ENTRY                   ADDRESS         REF BY
           =====                   =======         ======
           main                    000005D2        ?call_main (?cmain)
               calls direct
               XSTACK = 00000000 ( 0000000A )
               ISTACK = 00000000 ( 00000001 )
    -------------------------------------------------------------------------
<BANKED_CODE> 1 (was BANKED_CODE)
  Relative segment, address: CODE 00000C7F - 00000CAD (0x2f bytes), align: 0
  Segment part 32.            Intra module refs:   RF_Timeout::?relay
           ENTRY                   ADDRESS         REF BY
           =====                   =======         ======
           RF_Timeout              00000C7F 
               calls direct
               XSTACK = 00000008 ( 00000009 )
    -------------------------------------------------------------------------
NEAR_CODE
  Relative segment, address: CODE 00000473 - 0000048E (0x1c bytes), align: 0
  Segment part 34.            Intra module refs:   DMA_COMPLETE_ISR::??INTVEC 67
           ENTRY                   ADDRESS         REF BY
           =====                   =======         ======
           DMA_COMPLETE_ISR        00000473 
               interrupt function
               ISTACK = 00000000 ( 00000004 )
    -------------------------------------------------------------------------
INTVEC
  Common segment, address: CODE 00000000 - 00000045 (0x46 bytes), align: 0
  Segment part 11. ROOT.
           ENTRY                   ADDRESS         REF BY
           =====                   =======         ======
           DMA_COMPLETE_ISR::??INTVEC 67
                                   00000043 
    -------------------------------------------------------------------------
BANK_RELAYS
  Relative segment, address: CODE 000001C6 - 000001CB (0x6 bytes), align: 0
  Segment part 33.            Intra module refs:   main
           ENTRY                   ADDRESS         REF BY
           =====                   =======         ======
           RF_Timeout::?relay      000001C6 

    *************************************************************************

  FILE NAME : D:\GitHub\SMAC_IAR\Sensor_Side\pc_side\Obj\pwr_mode_manager.r51
  PROGRAM MODULE, NAME : pwr_mode_manager

  SEGMENTS IN THE MODULE
  ======================
SFR_AN
  Relative segment, address: DATA 00000087 - 00000087 (0x1 bytes), align: 0
  Segment part 1. ROOT.
           ENTRY                   ADDRESS         REF BY
           =====                   =======         ======
           PCON                    00000087 
    -------------------------------------------------------------------------
SFR_AN
  Relative segment, address: DATA 00000089 - 00000089 (0x1 bytes), align: 0
  Segment part 4. ROOT.       Intra module refs:   PORT0_IRQ
           ENTRY                   ADDRESS         REF BY
           =====                   =======         ======
           P0IFG                   00000089 
    -------------------------------------------------------------------------
SFR_AN
  Relative segment, address: DATA 00000095 - 00000095 (0x1 bytes), align: 0
  Segment part 5. ROOT.       Intra module refs:   sleeptimer_ISR
           ENTRY                   ADDRESS         REF BY
           =====                   =======         ======
           ST0                     00000095 
    -------------------------------------------------------------------------
SFR_AN
  Relative segment, address: DATA 00000096 - 00000096 (0x1 bytes), align: 0
  Segment part 6. ROOT.       Intra module refs:   sleeptimer_ISR
           ENTRY                   ADDRESS         REF BY
           =====                   =======         ======
           ST1                     00000096 
    -------------------------------------------------------------------------
SFR_AN
  Relative segment, address: DATA 00000097 - 00000097 (0x1 bytes), align: 0
  Segment part 7. ROOT.       Intra module refs:   sleeptimer_ISR
           ENTRY                   ADDRESS         REF BY
           =====                   =======         ======
           ST2                     00000097 
    -------------------------------------------------------------------------
SFR_AN
  Relative segment, address: DATA 000000AD - 000000AD (0x1 bytes), align: 0
  Segment part 8. ROOT.       Intra module refs:   sleeptimer_ISR
           ENTRY                   ADDRESS         REF BY
           =====                   =======         ======
           STLOAD                  000000AD 
    -------------------------------------------------------------------------
SFR_AN
  Relative segment, address: DATA 000000BE - 000000BE (0x1 bytes), align: 0
  Segment part 9. ROOT.
           ENTRY                   ADDRESS         REF BY
           =====                   =======         ======
           SLEEPCMD                000000BE 
    -------------------------------------------------------------------------
NEAR_CODE
  Relative segment, address: CODE 0000048F - 00000527 (0x99 bytes), align: 0
  Segment part 26.            Intra module refs:   sleeptimer_ISR::??INTVEC 43
           ENTRY                   ADDRESS         REF BY
           =====                   =======         ======
           sleeptimer_ISR          0000048F 
               interrupt function
               XSTACK = 00000000 ( 00000015 )
    -------------------------------------------------------------------------
NEAR_CODE
  Relative segment, address: CODE 00000528 - 0000052C (0x5 bytes), align: 0
  Segment part 27.            Intra module refs:   PORT1_IRQ::??INTVEC 123
           ENTRY                   ADDRESS         REF BY
           =====                   =======         ======
           PORT1_IRQ               00000528 
               interrupt function
               ISTACK = 00000000 ( 00000001 )
    -------------------------------------------------------------------------
NEAR_CODE
  Relative segment, address: CODE 0000052D - 00000537 (0xb bytes), align: 0
  Segment part 28.            Intra module refs:   PORT0_IRQ::??INTVEC 107
[...]
           ENTRY                   ADDRESS         REF BY
           =====                   =======         ======
           ?L_SHL_REW              00000215 
    -------------------------------------------------------------------------
RCODE
  Relative segment, address: CODE 0000021A - 0000022D (0x14 bytes), align: 0
  Segment part 2.             Intra module refs:   ?L_SHL
                                                   ?L_SHL_REW

    -------------------------------------------------------------------------
  LIBRARY MODULE, NAME : ?L_ADD_X

  SEGMENTS IN THE MODULE
  ======================
RCODE
  Relative segment, address: CODE 0000022E - 00000240 (0x13 bytes), align: 0
  Segment part 1.
           ENTRY                   ADDRESS         REF BY
           =====                   =======         ======
           ?L_ADD_X                0000022E        sleeptimer_ISR (pwr_mode_manager)

    -------------------------------------------------------------------------
  LIBRARY MODULE, NAME : ?L_IOR

  SEGMENTS IN THE MODULE
  ======================
RCODE
  Relative segment, address: CODE 00000241 - 00000253 (0x13 bytes), align: 0
  Segment part 1.
           ENTRY                   ADDRESS         REF BY
           =====                   =======         ======
           ?L_IOR                  00000241        sleeptimer_ISR (pwr_mode_manager)

    -------------------------------------------------------------------------
  LIBRARY MODULE, NAME : ?MOVE_LONG8_XDATA_IDATA

  SEGMENTS IN THE MODULE
  ======================
RCODE
  Relative segment, address: CODE 00000254 - 00000260 (0xd bytes), align: 0
  Segment part 0.
           ENTRY                   ADDRESS         REF BY
           =====                   =======         ======
           ?MOVE_LONG8_XDATA_IDATA
                                   00000254        ?PUSH_XSTACK_I (?PUSH_XSTACK_I)

    -------------------------------------------------------------------------
  LIBRARY MODULE, NAME : ?ALLOC_XSTACK8

  SEGMENTS IN THE MODULE
  ======================
RCODE
  Relative segment, address: CODE 00000261 - 00000276 (0x16 bytes), align: 0
  Segment part 0.
           ENTRY                   ADDRESS         REF BY
           =====                   =======         ======
           ?ALLOC_XSTACK8          00000261        basicRfBuildMpdu (basic_rf)
                                                   main (main_pc)

    -------------------------------------------------------------------------
  LIBRARY MODULE, NAME : ?DEALLOC_XSTACK8

  SEGMENTS IN THE MODULE
  ======================
RCODE
  Relative segment, address: CODE 00000277 - 00000291 (0x1b bytes), align: 0
  Segment part 0.
           ENTRY                   ADDRESS         REF BY
           =====                   =======         ======
           ?DEALLOC_XSTACK8        00000277        RF_Package_Compose (rf_pack)
                                                   RF_Package_Init (rf_pack)
                                                   UART0_RX_ISR (uart_manager)
                                                   basicRfBuildMpdu (basic_rf)
                                                   basicRfReceive (basic_rf)
                                                   main (main_pc)

    -------------------------------------------------------------------------
  LIBRARY MODULE, NAME : ?ADD_XSTACK_DISP8

  SEGMENTS IN THE MODULE
  ======================
RCODE
  Relative segment, address: CODE 00000292 - 000002AC (0x1b bytes), align: 0
  Segment part 1.
           ENTRY                   ADDRESS         REF BY
           =====                   =======         ======
           ?ADD_XSTACK_DISP0_8     00000292        ?PUSH_XSTACK_I (?PUSH_XSTACK_I)

    -------------------------------------------------------------------------
  LIBRARY MODULE, NAME : ?XSTACK_DISP8

  SEGMENTS IN THE MODULE
  ======================
RCODE
  Relative segment, address: CODE 000002AD - 000002B6 (0xa bytes), align: 0
  Segment part 1.
           ENTRY                   ADDRESS         REF BY
           =====                   =======         ======
           ?XSTACK_DISP0_8         000002AD        main (main_pc)
                                                   memcpy (?memcpy)

    -------------------------------------------------------------------------
  LIBRARY MODULE, NAME : ?CALL_IND

  SEGMENTS IN THE MODULE
  ======================
RCODE
  Relative segment, address: CODE 000002B7 - 000002B8 (0x2 bytes), align: 0
  Segment part 0.
           ENTRY                   ADDRESS         REF BY
           =====                   =======         ======
           ?CALL_IND               000002B7        rfIsr (hal_rf)

    -------------------------------------------------------------------------
  LIBRARY MODULE, NAME : ?BANKED_ENTER_XDATA

  SEGMENTS IN THE MODULE
  ======================
RCODE
  Relative segment, address: CODE 000002B9 - 00000324 (0x6c bytes), align: 0
  Segment part 1.
           ENTRY                   ADDRESS         REF BY
           =====                   =======         ======
           ?BANKED_ENTER_XDATA     000002B9        RF_Package_Compose (rf_pack)
                                                   RF_Package_Init (rf_pack)
                                                   RF_Timeout (main_pc)
                                                   basicRfBuildHeader (basic_rf)
                                                   basicRfBuildMpdu (basic_rf)
                                                   basicRfInit (basic_rf)
                                                   basicRfReceive (basic_rf)
                                                   basicRfRxFrmDoneIsr (basic_rf)
                                                   basicRfSendPacket (basic_rf)
                                                   halMcuWaitMs (hal_mcu)
                                                   halRfWriteTxBuf (hal_rf)
                                                   memcpy (?memcpy)
                                                   uart0_Send (uart_manager)

    -------------------------------------------------------------------------
  LIBRARY MODULE, NAME : ?BANKED_LEAVE_XDATA

  SEGMENTS IN THE MODULE
  ======================
RCODE
  Relative segment, address: CODE 00000325 - 0000036A (0x46 bytes), align: 0
  Segment part 1.
           ENTRY                   ADDRESS         REF BY
           =====                   =======         ======
           ?BANKED_LEAVE_XDATA     00000325        RF_Package_Compose (rf_pack)
                                                   RF_Package_Init (rf_pack)
                                                   RF_Timeout (main_pc)
                                                   basicRfBuildHeader (basic_rf)
                                                   basicRfBuildMpdu (basic_rf)
                                                   basicRfInit (basic_rf)
                                                   basicRfReceive (basic_rf)
                                                   basicRfRxFrmDoneIsr (basic_rf)
                                                   basicRfSendPacket (basic_rf)
                                                   halMcuWaitMs (hal_mcu)
                                                   halRfWriteTxBuf (hal_rf)
                                                   memcpy (?memcpy)
                                                   uart0_Send (uart_manager)

    -------------------------------------------------------------------------
  LIBRARY MODULE, NAME : ?INTERRUPT_ENTER_XSP

  SEGMENTS IN THE MODULE
  ======================
RCODE
  Relative segment, address: CODE 0000036B - 000003C9 (0x5f bytes), align: 0
  Segment part 1.
           ENTRY                   ADDRESS         REF BY
           =====                   =======         ======
           ?INTERRUPT_ENTER_XSP    0000036B        UART0_RX_ISR (uart_manager)
                                                   rfIsr (hal_rf)
                                                   sleeptimer_ISR (pwr_mode_manager)

    -------------------------------------------------------------------------
  LIBRARY MODULE, NAME : ?INTERRUPT_LEAVE_XSP

  SEGMENTS IN THE MODULE
  ======================
RCODE
  Relative segment, address: CODE 000003CA - 00000421 (0x58 bytes), align: 0
  Segment part 1.
           ENTRY                   ADDRESS         REF BY
           =====                   =======         ======
           ?INTERRUPT_LEAVE_XSP    000003CA        UART0_RX_ISR (uart_manager)
                                                   rfIsr (hal_rf)
                                                   sleeptimer_ISR (pwr_mode_manager)

    -------------------------------------------------------------------------
  LIBRARY MODULE, NAME : ?PUSH_XSTACK_I

  SEGMENTS IN THE MODULE
  ======================
RCODE
  Relative segment, address: CODE 00000422 - 00000425 (0x4 bytes), align: 0
  Segment part 2.
           ENTRY                   ADDRESS         REF BY
           =====                   =======         ======
           ?PUSH_XSTACK_I_TWO      00000422        RF_Package_Compose (rf_pack)
                                                   RF_Package_Init (rf_pack)
                                                   UART0_RX_ISR (uart_manager)
                                                   basicRfReceive (basic_rf)
                                                   main (main_pc)
    -------------------------------------------------------------------------
RCODE
  Relative segment, address: CODE 00000426 - 00000432 (0xd bytes), align: 0
  Segment part 4.             Intra module refs:   ?PUSH_XSTACK_I_TWO
           ENTRY                   ADDRESS         REF BY
           =====                   =======         ======
           ?PUSH_XSTACK_I          00000426 

    -------------------------------------------------------------------------
  LIBRARY MODULE, NAME : ?memcpy

  SEGMENTS IN THE MODULE
  ======================
<BANKED_CODE> 1 (was BANKED_CODE)
  Relative segment, address: CODE 000014F7 - 0000153C (0x46 bytes), align: 0
  Segment part 6.             Intra module refs:   memcpy::?relay
           ENTRY                   ADDRESS         REF BY
           =====                   =======         ======
           memcpy                  000014F7 
               XSTACK = 00000002 ( 0000000A )
               ISTACK = 00000000 ( 00000001 )
    -------------------------------------------------------------------------
BANK_RELAYS
  Relative segment, address: CODE 000001EA - 000001EF (0x6 bytes), align: 0
  Segment part 7.
           ENTRY                   ADDRESS         REF BY
           =====                   =======         ======
           memcpy::?relay          000001EA        RF_Package_Compose (rf_pack)
                                                   basicRfReceive (basic_rf)
                                                   main (main_pc)

    -------------------------------------------------------------------------
  LIBRARY MODULE, NAME : ?memset

  SEGMENTS IN THE MODULE
  ======================
<BANKED_CODE> 1 (was BANKED_CODE)
  Relative segment, address: CODE 0000153D - 00001568 (0x2c bytes), align: 0
  Segment part 6.             Intra module refs:   memset::?relay
           ENTRY                   ADDRESS         REF BY
           =====                   =======         ======
           memset                  0000153D 
               XSTACK = 00000002 ( 00000000 )
               ISTACK = 00000000 ( 00000002 )
    -------------------------------------------------------------------------
BANK_RELAYS
  Relative segment, address: CODE 000001F0 - 000001F5 (0x6 bytes), align: 0
  Segment part 7.
           ENTRY                   ADDRESS         REF BY
           =====                   =======         ======
           memset::?relay          000001F0        RF_Package_Init (rf_pack)
                                                   UART0_RX_ISR (uart_manager)
                                                   main (main_pc)




                ****************************************
                *                                      *
                *            MODULE SUMMARY            *
                *                                      *
                ****************************************

Module                    CODE      DATA         XDATA      IDATA    BIT
------                    ----      ----         -----      -----    ---
                         (Rel)  (Rel)  (Abs)  (Rel)  (Abs)  (Rel)  (Rel)
?ADD_XSTACK_DISP8           27
?ALLOC_XSTACK8              22
?BANKED_CODE_SUPPORT        30
?BANKED_ENTER_XDATA        108
?BANKED_LEAVE_XDATA         70
?CALL_IND                    2
?DEALLOC_XSTACK8            27
?INTERRUPT_ENTER_XSP        95
?INTERRUPT_LEAVE_XSP        88
?L_ADD_X                    19
?L_IOR                      19
?L_SHL                      31
?MOVE_LONG8_XDATA_IDATA     13
?PUSH_XSTACK_I              17
?UL_SHR                     25
?XSTACK_DISP8               10
?cexit                       5
?cmain                      76
?memcpy                     76
?memset                     50
CSTARTUP                    18
  + common                   3
VIRTUAL_REGISTERS                  10                                  8
adc                                        3
  + shared                                 1
ads8320
  + shared                                 2
basic_rf                 1 156                  264
clock                       21             2
hal_button                                 3
  + shared                                 2
hal_int                     22
  + shared                                 1
hal_mcu                    123             1
hal_rf                     506             6      3     13
  + shared                 134                           1
  + common
lis331dlh
  + shared                                 1
main_pc                  1 790             5    163      1
  + shared                  70             2
  + common
pwr_mode_manager           173             7      4
  + common                 126
rf_pack                    496
spi_manager                                4
  + shared                                 1
timer1                       5             7
  + common                  78
uart_manager               246             6    256
  + common                  22
util                        22
N/A (command line)                 16           256            64
N/A (alignment)
----------               -----     --     --    ---     --     --      -
Total:                   5 388     26     54    946     15     64      8
  + common                 134


                ****************************************
                *                                      *
                *      SEGMENTS IN ADDRESS ORDER       *
                *                                      *
                ****************************************


SEGMENT              SPACE    START ADDRESS   END ADDRESS     SIZE  TYPE  ALIGN
=======              =====    =============   ===========     ====  ====  =====
INTVEC               CODE          00000000 - 00000085          86   com    0
CSTART               CODE          00000086 - 00000106          81   rel    0
DATA_ID              CODE               00000107                     dse    0
BDATA_ID             CODE               00000107                     dse    0
BIT_ID               CODE               00000107                     dse    0
IXDATA_ID            CODE               00000107                     dse    0
PDATA_ID             CODE               00000107                     dse    0
IDATA_ID             CODE               00000107                     dse    0
XDATA_ID             CODE          00000107 - 00000117          11   rel    0
BANK_RELAYS          CODE          00000118 - 000001F5          DE   rel    0
RCODE                CODE          000001F6 - 00000432         23D   rel    0
CODE_N               CODE               00000433                     dse    0
CODE_C               CODE               00000433                     dse    0
DIFUNCT              CODE               00000433                     dse    0
NEAR_CODE            CODE          00000433 - 000005D1         19F   rel    0
<BANKED_CODE> 1      CODE          000005D2 - 00001591         FC0   rel    0
REGISTERS            DATA          00000000 - 00000007           8   rel    0
VREG                 DATA          00000008 - 00000017          10   rel    0
PSP                  DATA               00000018                     dse    0
XSP                  DATA          00000018 - 00000019           2   rel    0
BREG                 BIT        00000020.0  -  00000020.7        8   rel    0
SFR_AN               DATA          00000080 - 00000080           1   rel    0
                     DATA          00000086 - 00000089           4 
                     DATA          0000008F - 00000091           3 
                     DATA          00000095 - 00000097           3 
                     DATA          0000009A - 0000009B           2 
                     DATA          0000009E - 0000009E           1 
                     DATA          000000A8 - 000000A8           1 
                     DATA          000000AD - 000000AD           1 
                     DATA          000000B6 - 000000B6           1 
                     DATA          000000B8 - 000000B8           1 
                     DATA          000000BA - 000000BB           2 
                     DATA          000000BE - 000000BE           1 
                     DATA          000000C0 - 000000C2           3 
                     DATA          000000C4 - 000000C6           3 
                     DATA          000000C9 - 000000C9           1 
                     DATA          000000D1 - 000000D1           1 
                     DATA          000000D4 - 000000DB           8 
                     DATA          000000E1 - 000000E5           5 
                     DATA          000000E8 - 000000E9           2 
                     DATA          000000F1 - 000000F1           1 
                     DATA          000000F3 - 000000F4           2 
                     DATA          000000F7 - 000000FA           4 
                     DATA          000000FC - 000000FE           3 
XSTACK               XDATA         00000001 - 00000100         100   rel    0
XDATA_Z              XDATA         00000101 - 000003A1         2A1   rel    0
XDATA_I              XDATA         000003A2 - 000003B2          11   rel    0
XDATA_AN             XDATA         00006172 - 00006175           4   rel    0
                     XDATA         00006189 - 00006189           1 
                     XDATA         0000618F - 00006190           2 
                     XDATA         00006193 - 00006193           1 
                     XDATA         000061A3 - 000061A3           1 
                     XDATA         000061AE - 000061AE           1 
                     XDATA         000061B2 - 000061B2           1 
                     XDATA         000061FA - 000061FA           1 
                     XDATA         00006249 - 0000624A           2 
                     XDATA         000070C1 - 000070C1           1 
ISTACK               IDATA         000000C0 - 000000FF          40   rel    0

                ****************************************
                *                                      *
                *        END OF CROSS REFERENCE        *
                *                                      *
                ****************************************

 5 522 bytes of CODE  memory
    26 bytes of DATA  memory (+ 54 absolute )
   946 bytes of XDATA memory (+ 15 absolute )
    64 bytes of IDATA memory
     8 bits  of BIT   memory

Errors: none
Warnings: none

